// Jest Snapshot v1, https://goo.gl/fbAQLP

exports[`Actions checks if the correct elements appear when the user has completed one action and the inviter has finished their challenge and the reward that has been chosen is not available any more 1`] = `
<div>
  <div
    class="outer_container"
  >
    <div
      class="inner_container"
    >
      <div>
        <section
          class="section_1"
        >
          <div
            class="status"
          >
            <h1
              class="heading"
            >
              <span>
                Here's 
                <br />
                your 
                <br />
                reward! 
              </span>
            </h1>
            <div
              class="avatar_container"
            >
              <div>
                <img
                  alt="Inviter Avatar"
                  data-nimg="1"
                  decoding="async"
                  height="40"
                  id="inviter-avatar"
                  loading="lazy"
                  src="/_next/image?url=%2Fimg.jpg&w=96&q=75"
                  srcset="/_next/image?url=%2Fimg.jpg&w=48&q=75 1x, /_next/image?url=%2Fimg.jpg&w=96&q=75 2x"
                  style="color: transparent;"
                  width="40"
                />
                <img
                  alt="Inviter Crown"
                  class="crown"
                  data-nimg="1"
                  decoding="async"
                  height="40"
                  loading="lazy"
                  src="/_next/image?url=%2Fimg.jpg&w=96&q=75"
                  srcset="/_next/image?url=%2Fimg.jpg&w=48&q=75 1x, /_next/image?url=%2Fimg.jpg&w=96&q=75 2x"
                  style="color: transparent;"
                  width="40"
                />
              </div>
              <h3
                class="inviter_name"
                id="inviter-name"
              >
                Test Name
              </h3>
            </div>
          </div>
          <div
            class="couponContainer"
          >
            <h2>
              Reward No Longer 
              <br />
              Available
            </h2>
            <p
              class="content"
            >
              Your reward has been removed by
              <br />
              our partner. Don't worry! Help a
              <br />
              friend win their challenge to get a
              <br />
              new reward.
            </p>
          </div>
        </section>
        <div
          class="curve_container"
        >
          <img
            alt="White Curve"
            class="white_curve"
            data-nimg="1"
            decoding="async"
            draggable="false"
            height="40"
            id="white_curve"
            loading="lazy"
            src="/_next/image?url=%2Fimg.jpg&w=96&q=75"
            srcset="/_next/image?url=%2Fimg.jpg&w=48&q=75 1x, /_next/image?url=%2Fimg.jpg&w=96&q=75 2x"
            style="color: transparent;"
            width="40"
          />
        </div>
        <section
          class="section_2"
        >
          <div>
            <h3
              class="subheading"
            >
              <span>
                Test Name
                 won the 8by8 challenge! 
                <br />
                 here are Other actions to help
                <br />
                 the aapi community.
              </span>
            </h3>
            <button
              class="first_button"
              type="button"
            >
              <span>
                Get election reminders
              </span>
            </button>
            <button
              class="second_button"
              type="button"
            >
              <span>
                Take the challenge
              </span>
            </button>
            <div>
              <h6
                class="text"
              >
                Thanks for registering to vote!
              </h6>
              <div
                class="links_container"
              >
                <div>
                  <button
                    class="button_link"
                    type="button"
                  >
                    Get your registration form again
                  </button>
                </div>
                <button
                  class="button_link"
                  type="button"
                >
                  Share about your action
                </button>
              </div>
            </div>
          </div>
        </section>
      </div>
    </div>
  </div>
</div>
`;
