// Jest Snapshot v1, https://goo.gl/fbAQLP

exports[`Actions checks if the voter form modal appears when the user has registered to vote and clicks on the "Get your registration form again" button 1`] = `
<div>
  <div
    class="outer_container"
  >
    <div
      class="inner_container"
    >
      <div>
        <section
          class="section_1"
        >
          <div
            class="status"
          >
            <h1
              class="heading"
            >
              <span>
                Challenge 
                <br />
                Won! 
              </span>
            </h1>
            <div
              class="avatar_container"
            >
              <div>
                <img
                  alt="Inviter Avatar"
                  data-nimg="1"
                  decoding="async"
                  height="40"
                  id="inviter-avatar"
                  loading="lazy"
                  src="/_next/image?url=%2Fimg.jpg&w=96&q=75"
                  srcset="/_next/image?url=%2Fimg.jpg&w=48&q=75 1x, /_next/image?url=%2Fimg.jpg&w=96&q=75 2x"
                  style="color: transparent;"
                  width="40"
                />
                <img
                  alt="Inviter Crown"
                  class="crown"
                  data-nimg="1"
                  decoding="async"
                  height="40"
                  loading="lazy"
                  src="/_next/image?url=%2Fimg.jpg&w=96&q=75"
                  srcset="/_next/image?url=%2Fimg.jpg&w=48&q=75 1x, /_next/image?url=%2Fimg.jpg&w=96&q=75 2x"
                  style="color: transparent;"
                  width="40"
                />
              </div>
              <h3
                class="inviter_name"
                id="inviter-name"
              >
                Test Name
              </h3>
            </div>
          </div>
        </section>
        <div
          class="curve_container"
        >
          <img
            alt="White Curve"
            class="white_curve"
            data-nimg="1"
            decoding="async"
            draggable="false"
            height="40"
            id="white_curve"
            loading="lazy"
            src="/_next/image?url=%2Fimg.jpg&w=96&q=75"
            srcset="/_next/image?url=%2Fimg.jpg&w=48&q=75 1x, /_next/image?url=%2Fimg.jpg&w=96&q=75 2x"
            style="color: transparent;"
            width="40"
          />
        </div>
        <section
          class="section_2"
        >
          <div>
            <h3
              class="subheading"
            >
              <span>
                Test Name
                 won the 8by8 challenge, 
                <br />
                 and you get a reward!
              </span>
            </h3>
            <button
              class="first_button"
              type="button"
            >
              <span>
                Get election reminders
              </span>
            </button>
            <button
              class="second_button"
              type="button"
            >
              <span>
                Take the challenge
              </span>
            </button>
            <div>
              <h6
                class="text"
              >
                Thanks for registering to vote!
              </h6>
              <div
                class="links_container"
              >
                <div>
                  <button
                    class="button_link"
                    type="button"
                  >
                    Get your registration form again
                  </button>
                </div>
                <button
                  class="button_link"
                  type="button"
                >
                  Share about your action
                </button>
              </div>
            </div>
          </div>
        </section>
      </div>
      <dialog
        aria-label="Something went wrong."
        class="popup_modal_light_theme"
        open=""
        role="dialog"
      >
        <div>
          <div
            class="close_btn_container"
          >
            <button
              aria-label="close dialog"
              class="close_btn"
            >
              <svg
                fill="currentColor"
                height="1em"
                stroke="currentColor"
                stroke-width="0"
                viewBox="0 0 1024 1024"
                width="1em"
                xmlns="http://www.w3.org/2000/svg"
              >
                <path
                  d="M563.8 512l262.5-312.9c4.4-5.2.7-13.1-6.1-13.1h-79.8c-4.7 0-9.2 2.1-12.3 5.7L511.6 449.8 295.1 191.7c-3-3.6-7.5-5.7-12.3-5.7H203c-6.8 0-10.5 7.9-6.1 13.1L459.4 512 196.9 824.9A7.95 7.95 0 0 0 203 838h79.8c4.7 0 9.2-2.1 12.3-5.7l216.5-258.1 216.5 258.1c3 3.6 7.5 5.7 12.3 5.7h79.8c6.8 0 10.5-7.9 6.1-13.1L563.8 512z"
                />
              </svg>
            </button>
          </div>
          <div
            class="content"
          >
            <p
              class="modal_heading"
            >
              We emailed you!
            </p>
            <p
              class="modal_text"
            >
              Check your email to get your voter registration PDF form.
            </p>
            <button
              class="modal_ok_btn"
              type="button"
            >
              OK
            </button>
          </div>
        </div>
      </dialog>
    </div>
  </div>
</div>
`;
